// Jest Snapshot v1, https://goo.gl/fbAQLP

exports[`save project transaction 1`] = `
Object {
  "results": Array [
    Object {
      "revision": "7",
    },
    Object {
      "revision": "5",
    },
  ],
}
`;
